2026-02-05 11:46:02,876 - maestrowf.conductor:setup_logging:93 - INFO - INFO Logging Level -- Enabled
2026-02-05 11:46:02,876 - maestrowf.conductor:setup_logging:94 - WARNING - WARNING Logging Level -- Enabled
2026-02-05 11:46:02,876 - maestrowf.conductor:setup_logging:95 - CRITICAL - CRITICAL Logging Level -- Enabled
2026-02-05 11:46:02,876 - maestrowf.datastructures.core.executiongraph:__init__:379 - INFO - 
------------------------------------------
Submission attempts =       1
Submission throttle limit = 0
Use temporary directory =   False
Tmp Dir = 
------------------------------------------
2026-02-05 11:46:02,877 - maestrowf.datastructures.core.executiongraph:log_description:541 - INFO - 
==================================================
name: DSMC_HW1_Problem1
description: Study of Low/High Temp/Vel/Particle Count
==================================================

2026-02-05 11:46:02,877 - maestrowf.datastructures.core.study:_stage:477 - INFO - 
==================================================
Constructing parameter study 'DSMC_HW1_Problem1'
==================================================

2026-02-05 11:46:02,877 - maestrowf.datastructures.core.study:_stage:503 - INFO - 
==================================================
Processing step '_source'
==================================================

2026-02-05 11:46:02,877 - maestrowf.datastructures.core.study:_stage:511 - INFO - Encountered '_source'. Adding and continuing.
2026-02-05 11:46:02,877 - maestrowf.datastructures.core.study:_stage:503 - INFO - 
==================================================
Processing step 'mag-sweep'
==================================================

2026-02-05 11:46:02,877 - maestrowf.datastructures.core.study:_stage:641 - INFO - 
==================================================
Expanding step 'mag-sweep'
==================================================
-------- Used Parameters --------
{'TEMP', 'NUM_PART', 'CX'}
---------------------------------
2026-02-05 11:46:02,877 - maestrowf.datastructures.core.study:_stage:652 - INFO - 
**********************************
Combo [NUM_PART.100.TEMP.100.CX.1000]
**********************************
2026-02-05 11:46:02,877 - maestrowf.datastructures.core.study:_stage:686 - INFO - Searching for workspaces...
cmd = ~/Documents/School/Grad/Spring2026/DSMC/HW1/particles 100 39.95 100 1000 0 0
source ~/Documents/School/Grad/Spring2026/DSMC/DSMC/bin/activate
cp ~/Documents/School/Grad/Spring2026/DSMC/HW1/postProc.py ./
python postProc.py

2026-02-05 11:46:02,877 - maestrowf.datastructures.core.study:_stage:717 - INFO - New cmd = ~/Documents/School/Grad/Spring2026/DSMC/HW1/particles 100 39.95 100 1000 0 0
source ~/Documents/School/Grad/Spring2026/DSMC/DSMC/bin/activate
cp ~/Documents/School/Grad/Spring2026/DSMC/HW1/postProc.py ./
python postProc.py

2026-02-05 11:46:02,877 - maestrowf.datastructures.core.study:_stage:652 - INFO - 
**********************************
Combo [NUM_PART.100.TEMP.100.CX.100]
**********************************
2026-02-05 11:46:02,877 - maestrowf.datastructures.core.study:_stage:686 - INFO - Searching for workspaces...
cmd = ~/Documents/School/Grad/Spring2026/DSMC/HW1/particles 100 39.95 100 100 0 0
source ~/Documents/School/Grad/Spring2026/DSMC/DSMC/bin/activate
cp ~/Documents/School/Grad/Spring2026/DSMC/HW1/postProc.py ./
python postProc.py

2026-02-05 11:46:02,877 - maestrowf.datastructures.core.study:_stage:717 - INFO - New cmd = ~/Documents/School/Grad/Spring2026/DSMC/HW1/particles 100 39.95 100 100 0 0
source ~/Documents/School/Grad/Spring2026/DSMC/DSMC/bin/activate
cp ~/Documents/School/Grad/Spring2026/DSMC/HW1/postProc.py ./
python postProc.py

2026-02-05 11:46:02,877 - maestrowf.datastructures.core.study:_stage:652 - INFO - 
**********************************
Combo [NUM_PART.100.TEMP.1000.CX.1000]
**********************************
2026-02-05 11:46:02,877 - maestrowf.datastructures.core.study:_stage:686 - INFO - Searching for workspaces...
cmd = ~/Documents/School/Grad/Spring2026/DSMC/HW1/particles 100 39.95 1000 1000 0 0
source ~/Documents/School/Grad/Spring2026/DSMC/DSMC/bin/activate
cp ~/Documents/School/Grad/Spring2026/DSMC/HW1/postProc.py ./
python postProc.py

2026-02-05 11:46:02,877 - maestrowf.datastructures.core.study:_stage:717 - INFO - New cmd = ~/Documents/School/Grad/Spring2026/DSMC/HW1/particles 100 39.95 1000 1000 0 0
source ~/Documents/School/Grad/Spring2026/DSMC/DSMC/bin/activate
cp ~/Documents/School/Grad/Spring2026/DSMC/HW1/postProc.py ./
python postProc.py

2026-02-05 11:46:02,877 - maestrowf.datastructures.core.study:_stage:652 - INFO - 
**********************************
Combo [NUM_PART.100.TEMP.1000.CX.100]
**********************************
2026-02-05 11:46:02,877 - maestrowf.datastructures.core.study:_stage:686 - INFO - Searching for workspaces...
cmd = ~/Documents/School/Grad/Spring2026/DSMC/HW1/particles 100 39.95 1000 100 0 0
source ~/Documents/School/Grad/Spring2026/DSMC/DSMC/bin/activate
cp ~/Documents/School/Grad/Spring2026/DSMC/HW1/postProc.py ./
python postProc.py

2026-02-05 11:46:02,877 - maestrowf.datastructures.core.study:_stage:717 - INFO - New cmd = ~/Documents/School/Grad/Spring2026/DSMC/HW1/particles 100 39.95 1000 100 0 0
source ~/Documents/School/Grad/Spring2026/DSMC/DSMC/bin/activate
cp ~/Documents/School/Grad/Spring2026/DSMC/HW1/postProc.py ./
python postProc.py

2026-02-05 11:46:02,877 - maestrowf.datastructures.core.study:_stage:652 - INFO - 
**********************************
Combo [NUM_PART.500000.TEMP.100.CX.1000]
**********************************
2026-02-05 11:46:02,877 - maestrowf.datastructures.core.study:_stage:686 - INFO - Searching for workspaces...
cmd = ~/Documents/School/Grad/Spring2026/DSMC/HW1/particles 500000 39.95 100 1000 0 0
source ~/Documents/School/Grad/Spring2026/DSMC/DSMC/bin/activate
cp ~/Documents/School/Grad/Spring2026/DSMC/HW1/postProc.py ./
python postProc.py

2026-02-05 11:46:02,877 - maestrowf.datastructures.core.study:_stage:717 - INFO - New cmd = ~/Documents/School/Grad/Spring2026/DSMC/HW1/particles 500000 39.95 100 1000 0 0
source ~/Documents/School/Grad/Spring2026/DSMC/DSMC/bin/activate
cp ~/Documents/School/Grad/Spring2026/DSMC/HW1/postProc.py ./
python postProc.py

2026-02-05 11:46:02,877 - maestrowf.datastructures.core.study:_stage:652 - INFO - 
**********************************
Combo [NUM_PART.500000.TEMP.100.CX.100]
**********************************
2026-02-05 11:46:02,877 - maestrowf.datastructures.core.study:_stage:686 - INFO - Searching for workspaces...
cmd = ~/Documents/School/Grad/Spring2026/DSMC/HW1/particles 500000 39.95 100 100 0 0
source ~/Documents/School/Grad/Spring2026/DSMC/DSMC/bin/activate
cp ~/Documents/School/Grad/Spring2026/DSMC/HW1/postProc.py ./
python postProc.py

2026-02-05 11:46:02,877 - maestrowf.datastructures.core.study:_stage:717 - INFO - New cmd = ~/Documents/School/Grad/Spring2026/DSMC/HW1/particles 500000 39.95 100 100 0 0
source ~/Documents/School/Grad/Spring2026/DSMC/DSMC/bin/activate
cp ~/Documents/School/Grad/Spring2026/DSMC/HW1/postProc.py ./
python postProc.py

2026-02-05 11:46:02,877 - maestrowf.datastructures.core.study:_stage:652 - INFO - 
**********************************
Combo [NUM_PART.500000.TEMP.1000.CX.1000]
**********************************
2026-02-05 11:46:02,877 - maestrowf.datastructures.core.study:_stage:686 - INFO - Searching for workspaces...
cmd = ~/Documents/School/Grad/Spring2026/DSMC/HW1/particles 500000 39.95 1000 1000 0 0
source ~/Documents/School/Grad/Spring2026/DSMC/DSMC/bin/activate
cp ~/Documents/School/Grad/Spring2026/DSMC/HW1/postProc.py ./
python postProc.py

2026-02-05 11:46:02,877 - maestrowf.datastructures.core.study:_stage:717 - INFO - New cmd = ~/Documents/School/Grad/Spring2026/DSMC/HW1/particles 500000 39.95 1000 1000 0 0
source ~/Documents/School/Grad/Spring2026/DSMC/DSMC/bin/activate
cp ~/Documents/School/Grad/Spring2026/DSMC/HW1/postProc.py ./
python postProc.py

2026-02-05 11:46:02,877 - maestrowf.datastructures.core.study:_stage:652 - INFO - 
**********************************
Combo [NUM_PART.500000.TEMP.1000.CX.100]
**********************************
2026-02-05 11:46:02,877 - maestrowf.datastructures.core.study:_stage:686 - INFO - Searching for workspaces...
cmd = ~/Documents/School/Grad/Spring2026/DSMC/HW1/particles 500000 39.95 1000 100 0 0
source ~/Documents/School/Grad/Spring2026/DSMC/DSMC/bin/activate
cp ~/Documents/School/Grad/Spring2026/DSMC/HW1/postProc.py ./
python postProc.py

2026-02-05 11:46:02,877 - maestrowf.datastructures.core.study:_stage:717 - INFO - New cmd = ~/Documents/School/Grad/Spring2026/DSMC/HW1/particles 500000 39.95 1000 100 0 0
source ~/Documents/School/Grad/Spring2026/DSMC/DSMC/bin/activate
cp ~/Documents/School/Grad/Spring2026/DSMC/HW1/postProc.py ./
python postProc.py

2026-02-05 11:46:02,877 - maestrowf.utils:create_parentdir:127 - INFO - Directory does not exist. Creating directories to /Users/abbieb/Documents/School/Grad/Spring2026/DSMC/HW1/DSMC_HW1_Problem1_20260205-114601/meta
2026-02-05 11:46:02,877 - maestrowf.utils:create_parentdir:127 - INFO - Directory does not exist. Creating directories to /Users/abbieb/Documents/School/Grad/Spring2026/DSMC/HW1/DSMC_HW1_Problem1_20260205-114601/meta/study
2026-02-05 11:46:02,880 - maestrowf.conductor:monitor_study:426 - INFO - Checking DAG status at 2026-02-05 11:46:02.880295
2026-02-05 11:46:02,880 - maestrowf.datastructures.core.executiongraph:check_study_status:995 - INFO - No jobs found.
2026-02-05 11:46:02,880 - maestrowf.datastructures.core.executiongraph:execute_ready_steps:932 - INFO - Launching all ready steps...
2026-02-05 11:46:02,880 - maestrowf.datastructures.core.executiongraph:_execute_record:588 - INFO - Calling execute for StepRecord 'mag-sweep_CX.1000.NUM_PART.100.TEMP.100'
2026-02-05 11:46:02,880 - maestrowf.utils:create_parentdir:127 - INFO - Directory does not exist. Creating directories to /Users/abbieb/Documents/School/Grad/Spring2026/DSMC/HW1/DSMC_HW1_Problem1_20260205-114601/mag-sweep/CX.1000.NUM_PART.100.TEMP.100
2026-02-05 11:46:02,880 - maestrowf.datastructures.core.executiongraph:generate_script:114 - INFO - Generating script for mag-sweep_CX.1000.NUM_PART.100.TEMP.100 into /Users/abbieb/Documents/School/Grad/Spring2026/DSMC/HW1/DSMC_HW1_Problem1_20260205-114601/mag-sweep/CX.1000.NUM_PART.100.TEMP.100
2026-02-05 11:46:02,880 - maestrowf.datastructures.core.executiongraph:generate_script:118 - INFO - Script: /Users/abbieb/Documents/School/Grad/Spring2026/DSMC/HW1/DSMC_HW1_Problem1_20260205-114601/mag-sweep/CX.1000.NUM_PART.100.TEMP.100/mag-sweep_CX.1000.NUM_PART.100.TEMP.100.sh
Restart: None
Scheduled?: False
2026-02-05 11:46:02,880 - maestrowf.datastructures.core.executiongraph:_execute_record:613 - INFO - Attempting submission of 'mag-sweep_CX.1000.NUM_PART.100.TEMP.100' (attempt 1 of 1)...
2026-02-05 11:46:03,762 - maestrowf.interfaces.script.localscriptadapter:submit:151 - INFO - Execution returned status OK.
2026-02-05 11:46:05,318 - maestrowf.datastructures.core.executiongraph:_execute_record:640 - INFO - Local step mag-sweep_CX.1000.NUM_PART.100.TEMP.100 executed with status OK. Complete.
2026-02-05 11:46:05,318 - maestrowf.datastructures.core.executiongraph:_execute_record:588 - INFO - Calling execute for StepRecord 'mag-sweep_CX.100.NUM_PART.100.TEMP.100'
2026-02-05 11:46:05,319 - maestrowf.utils:create_parentdir:127 - INFO - Directory does not exist. Creating directories to /Users/abbieb/Documents/School/Grad/Spring2026/DSMC/HW1/DSMC_HW1_Problem1_20260205-114601/mag-sweep/CX.100.NUM_PART.100.TEMP.100
2026-02-05 11:46:05,319 - maestrowf.datastructures.core.executiongraph:generate_script:114 - INFO - Generating script for mag-sweep_CX.100.NUM_PART.100.TEMP.100 into /Users/abbieb/Documents/School/Grad/Spring2026/DSMC/HW1/DSMC_HW1_Problem1_20260205-114601/mag-sweep/CX.100.NUM_PART.100.TEMP.100
2026-02-05 11:46:05,320 - maestrowf.datastructures.core.executiongraph:generate_script:118 - INFO - Script: /Users/abbieb/Documents/School/Grad/Spring2026/DSMC/HW1/DSMC_HW1_Problem1_20260205-114601/mag-sweep/CX.100.NUM_PART.100.TEMP.100/mag-sweep_CX.100.NUM_PART.100.TEMP.100.sh
Restart: None
Scheduled?: False
2026-02-05 11:46:05,320 - maestrowf.datastructures.core.executiongraph:_execute_record:613 - INFO - Attempting submission of 'mag-sweep_CX.100.NUM_PART.100.TEMP.100' (attempt 1 of 1)...
2026-02-05 11:46:06,759 - maestrowf.interfaces.script.localscriptadapter:submit:151 - INFO - Execution returned status OK.
2026-02-05 11:46:08,106 - maestrowf.datastructures.core.executiongraph:_execute_record:640 - INFO - Local step mag-sweep_CX.100.NUM_PART.100.TEMP.100 executed with status OK. Complete.
2026-02-05 11:46:08,106 - maestrowf.datastructures.core.executiongraph:_execute_record:588 - INFO - Calling execute for StepRecord 'mag-sweep_CX.1000.NUM_PART.100.TEMP.1000'
2026-02-05 11:46:08,106 - maestrowf.utils:create_parentdir:127 - INFO - Directory does not exist. Creating directories to /Users/abbieb/Documents/School/Grad/Spring2026/DSMC/HW1/DSMC_HW1_Problem1_20260205-114601/mag-sweep/CX.1000.NUM_PART.100.TEMP.1000
2026-02-05 11:46:08,107 - maestrowf.datastructures.core.executiongraph:generate_script:114 - INFO - Generating script for mag-sweep_CX.1000.NUM_PART.100.TEMP.1000 into /Users/abbieb/Documents/School/Grad/Spring2026/DSMC/HW1/DSMC_HW1_Problem1_20260205-114601/mag-sweep/CX.1000.NUM_PART.100.TEMP.1000
2026-02-05 11:46:08,108 - maestrowf.datastructures.core.executiongraph:generate_script:118 - INFO - Script: /Users/abbieb/Documents/School/Grad/Spring2026/DSMC/HW1/DSMC_HW1_Problem1_20260205-114601/mag-sweep/CX.1000.NUM_PART.100.TEMP.1000/mag-sweep_CX.1000.NUM_PART.100.TEMP.1000.sh
Restart: None
Scheduled?: False
2026-02-05 11:46:08,108 - maestrowf.datastructures.core.executiongraph:_execute_record:613 - INFO - Attempting submission of 'mag-sweep_CX.1000.NUM_PART.100.TEMP.1000' (attempt 1 of 1)...
2026-02-05 11:46:09,282 - maestrowf.interfaces.script.localscriptadapter:submit:151 - INFO - Execution returned status OK.
2026-02-05 11:46:10,361 - maestrowf.datastructures.core.executiongraph:_execute_record:640 - INFO - Local step mag-sweep_CX.1000.NUM_PART.100.TEMP.1000 executed with status OK. Complete.
2026-02-05 11:46:10,362 - maestrowf.datastructures.core.executiongraph:_execute_record:588 - INFO - Calling execute for StepRecord 'mag-sweep_CX.100.NUM_PART.100.TEMP.1000'
2026-02-05 11:46:10,362 - maestrowf.utils:create_parentdir:127 - INFO - Directory does not exist. Creating directories to /Users/abbieb/Documents/School/Grad/Spring2026/DSMC/HW1/DSMC_HW1_Problem1_20260205-114601/mag-sweep/CX.100.NUM_PART.100.TEMP.1000
2026-02-05 11:46:10,362 - maestrowf.datastructures.core.executiongraph:generate_script:114 - INFO - Generating script for mag-sweep_CX.100.NUM_PART.100.TEMP.1000 into /Users/abbieb/Documents/School/Grad/Spring2026/DSMC/HW1/DSMC_HW1_Problem1_20260205-114601/mag-sweep/CX.100.NUM_PART.100.TEMP.1000
2026-02-05 11:46:10,363 - maestrowf.datastructures.core.executiongraph:generate_script:118 - INFO - Script: /Users/abbieb/Documents/School/Grad/Spring2026/DSMC/HW1/DSMC_HW1_Problem1_20260205-114601/mag-sweep/CX.100.NUM_PART.100.TEMP.1000/mag-sweep_CX.100.NUM_PART.100.TEMP.1000.sh
Restart: None
Scheduled?: False
2026-02-05 11:46:10,364 - maestrowf.datastructures.core.executiongraph:_execute_record:613 - INFO - Attempting submission of 'mag-sweep_CX.100.NUM_PART.100.TEMP.1000' (attempt 1 of 1)...
2026-02-05 11:46:11,511 - maestrowf.interfaces.script.localscriptadapter:submit:151 - INFO - Execution returned status OK.
2026-02-05 11:46:13,109 - maestrowf.datastructures.core.executiongraph:_execute_record:640 - INFO - Local step mag-sweep_CX.100.NUM_PART.100.TEMP.1000 executed with status OK. Complete.
2026-02-05 11:46:13,109 - maestrowf.datastructures.core.executiongraph:_execute_record:588 - INFO - Calling execute for StepRecord 'mag-sweep_CX.1000.NUM_PART.500000.TEMP.100'
2026-02-05 11:46:13,110 - maestrowf.utils:create_parentdir:127 - INFO - Directory does not exist. Creating directories to /Users/abbieb/Documents/School/Grad/Spring2026/DSMC/HW1/DSMC_HW1_Problem1_20260205-114601/mag-sweep/CX.1000.NUM_PART.500000.TEMP.100
2026-02-05 11:46:13,110 - maestrowf.datastructures.core.executiongraph:generate_script:114 - INFO - Generating script for mag-sweep_CX.1000.NUM_PART.500000.TEMP.100 into /Users/abbieb/Documents/School/Grad/Spring2026/DSMC/HW1/DSMC_HW1_Problem1_20260205-114601/mag-sweep/CX.1000.NUM_PART.500000.TEMP.100
2026-02-05 11:46:13,111 - maestrowf.datastructures.core.executiongraph:generate_script:118 - INFO - Script: /Users/abbieb/Documents/School/Grad/Spring2026/DSMC/HW1/DSMC_HW1_Problem1_20260205-114601/mag-sweep/CX.1000.NUM_PART.500000.TEMP.100/mag-sweep_CX.1000.NUM_PART.500000.TEMP.100.sh
Restart: None
Scheduled?: False
2026-02-05 11:46:13,111 - maestrowf.datastructures.core.executiongraph:_execute_record:613 - INFO - Attempting submission of 'mag-sweep_CX.1000.NUM_PART.500000.TEMP.100' (attempt 1 of 1)...
2026-02-05 11:46:14,834 - maestrowf.interfaces.script.localscriptadapter:submit:151 - INFO - Execution returned status OK.
2026-02-05 11:46:16,833 - maestrowf.datastructures.core.executiongraph:_execute_record:640 - INFO - Local step mag-sweep_CX.1000.NUM_PART.500000.TEMP.100 executed with status OK. Complete.
2026-02-05 11:46:16,834 - maestrowf.datastructures.core.executiongraph:_execute_record:588 - INFO - Calling execute for StepRecord 'mag-sweep_CX.100.NUM_PART.500000.TEMP.100'
2026-02-05 11:46:16,834 - maestrowf.utils:create_parentdir:127 - INFO - Directory does not exist. Creating directories to /Users/abbieb/Documents/School/Grad/Spring2026/DSMC/HW1/DSMC_HW1_Problem1_20260205-114601/mag-sweep/CX.100.NUM_PART.500000.TEMP.100
2026-02-05 11:46:16,834 - maestrowf.datastructures.core.executiongraph:generate_script:114 - INFO - Generating script for mag-sweep_CX.100.NUM_PART.500000.TEMP.100 into /Users/abbieb/Documents/School/Grad/Spring2026/DSMC/HW1/DSMC_HW1_Problem1_20260205-114601/mag-sweep/CX.100.NUM_PART.500000.TEMP.100
2026-02-05 11:46:16,835 - maestrowf.datastructures.core.executiongraph:generate_script:118 - INFO - Script: /Users/abbieb/Documents/School/Grad/Spring2026/DSMC/HW1/DSMC_HW1_Problem1_20260205-114601/mag-sweep/CX.100.NUM_PART.500000.TEMP.100/mag-sweep_CX.100.NUM_PART.500000.TEMP.100.sh
Restart: None
Scheduled?: False
2026-02-05 11:46:16,835 - maestrowf.datastructures.core.executiongraph:_execute_record:613 - INFO - Attempting submission of 'mag-sweep_CX.100.NUM_PART.500000.TEMP.100' (attempt 1 of 1)...
2026-02-05 11:46:19,091 - maestrowf.interfaces.script.localscriptadapter:submit:151 - INFO - Execution returned status OK.
2026-02-05 11:46:20,201 - maestrowf.datastructures.core.executiongraph:_execute_record:640 - INFO - Local step mag-sweep_CX.100.NUM_PART.500000.TEMP.100 executed with status OK. Complete.
2026-02-05 11:46:20,201 - maestrowf.datastructures.core.executiongraph:_execute_record:588 - INFO - Calling execute for StepRecord 'mag-sweep_CX.1000.NUM_PART.500000.TEMP.1000'
2026-02-05 11:46:20,202 - maestrowf.utils:create_parentdir:127 - INFO - Directory does not exist. Creating directories to /Users/abbieb/Documents/School/Grad/Spring2026/DSMC/HW1/DSMC_HW1_Problem1_20260205-114601/mag-sweep/CX.1000.NUM_PART.500000.TEMP.1000
2026-02-05 11:46:20,202 - maestrowf.datastructures.core.executiongraph:generate_script:114 - INFO - Generating script for mag-sweep_CX.1000.NUM_PART.500000.TEMP.1000 into /Users/abbieb/Documents/School/Grad/Spring2026/DSMC/HW1/DSMC_HW1_Problem1_20260205-114601/mag-sweep/CX.1000.NUM_PART.500000.TEMP.1000
2026-02-05 11:46:20,202 - maestrowf.datastructures.core.executiongraph:generate_script:118 - INFO - Script: /Users/abbieb/Documents/School/Grad/Spring2026/DSMC/HW1/DSMC_HW1_Problem1_20260205-114601/mag-sweep/CX.1000.NUM_PART.500000.TEMP.1000/mag-sweep_CX.1000.NUM_PART.500000.TEMP.1000.sh
Restart: None
Scheduled?: False
2026-02-05 11:46:20,202 - maestrowf.datastructures.core.executiongraph:_execute_record:613 - INFO - Attempting submission of 'mag-sweep_CX.1000.NUM_PART.500000.TEMP.1000' (attempt 1 of 1)...
2026-02-05 11:46:21,922 - maestrowf.interfaces.script.localscriptadapter:submit:151 - INFO - Execution returned status OK.
2026-02-05 11:46:23,430 - maestrowf.datastructures.core.executiongraph:_execute_record:640 - INFO - Local step mag-sweep_CX.1000.NUM_PART.500000.TEMP.1000 executed with status OK. Complete.
2026-02-05 11:46:23,431 - maestrowf.datastructures.core.executiongraph:_execute_record:588 - INFO - Calling execute for StepRecord 'mag-sweep_CX.100.NUM_PART.500000.TEMP.1000'
2026-02-05 11:46:23,431 - maestrowf.utils:create_parentdir:127 - INFO - Directory does not exist. Creating directories to /Users/abbieb/Documents/School/Grad/Spring2026/DSMC/HW1/DSMC_HW1_Problem1_20260205-114601/mag-sweep/CX.100.NUM_PART.500000.TEMP.1000
2026-02-05 11:46:23,432 - maestrowf.datastructures.core.executiongraph:generate_script:114 - INFO - Generating script for mag-sweep_CX.100.NUM_PART.500000.TEMP.1000 into /Users/abbieb/Documents/School/Grad/Spring2026/DSMC/HW1/DSMC_HW1_Problem1_20260205-114601/mag-sweep/CX.100.NUM_PART.500000.TEMP.1000
2026-02-05 11:46:23,433 - maestrowf.datastructures.core.executiongraph:generate_script:118 - INFO - Script: /Users/abbieb/Documents/School/Grad/Spring2026/DSMC/HW1/DSMC_HW1_Problem1_20260205-114601/mag-sweep/CX.100.NUM_PART.500000.TEMP.1000/mag-sweep_CX.100.NUM_PART.500000.TEMP.1000.sh
Restart: None
Scheduled?: False
2026-02-05 11:46:23,433 - maestrowf.datastructures.core.executiongraph:_execute_record:613 - INFO - Attempting submission of 'mag-sweep_CX.100.NUM_PART.500000.TEMP.1000' (attempt 1 of 1)...
2026-02-05 11:46:25,270 - maestrowf.interfaces.script.localscriptadapter:submit:151 - INFO - Execution returned status OK.
2026-02-05 11:46:26,758 - maestrowf.datastructures.core.executiongraph:_execute_record:640 - INFO - Local step mag-sweep_CX.100.NUM_PART.500000.TEMP.1000 executed with status OK. Complete.
2026-02-05 11:46:26,759 - root:_check_study_completion:740 - INFO - 'DSMC_HW1_Problem1' is complete. Returning.
2026-02-05 11:46:26,767 - maestrowf.conductor:main:461 - INFO - Study completed with state 'StudyStatus.FINISHED'.
2026-02-05 11:46:26,768 - maestrowf.conductor:main:468 - INFO - Study exiting, cleaning up...
2026-02-05 11:46:26,768 - maestrowf.conductor:main:470 - INFO - Squeaky clean!
