2026-02-05 11:58:48,818 - maestrowf.conductor:setup_logging:93 - INFO - INFO Logging Level -- Enabled
2026-02-05 11:58:48,818 - maestrowf.conductor:setup_logging:94 - WARNING - WARNING Logging Level -- Enabled
2026-02-05 11:58:48,818 - maestrowf.conductor:setup_logging:95 - CRITICAL - CRITICAL Logging Level -- Enabled
2026-02-05 11:58:48,818 - maestrowf.datastructures.core.executiongraph:__init__:379 - INFO - 
------------------------------------------
Submission attempts =       1
Submission throttle limit = 0
Use temporary directory =   False
Tmp Dir = 
------------------------------------------
2026-02-05 11:58:48,818 - maestrowf.datastructures.core.executiongraph:log_description:541 - INFO - 
==================================================
name: DSMC_HW1_Problem1
description: Study of Low/High Temp/Vel/Particle Count
==================================================

2026-02-05 11:58:48,818 - maestrowf.datastructures.core.study:_stage:477 - INFO - 
==================================================
Constructing parameter study 'DSMC_HW1_Problem1'
==================================================

2026-02-05 11:58:48,818 - maestrowf.datastructures.core.study:_stage:503 - INFO - 
==================================================
Processing step '_source'
==================================================

2026-02-05 11:58:48,818 - maestrowf.datastructures.core.study:_stage:511 - INFO - Encountered '_source'. Adding and continuing.
2026-02-05 11:58:48,818 - maestrowf.datastructures.core.study:_stage:503 - INFO - 
==================================================
Processing step 'mag-sweep'
==================================================

2026-02-05 11:58:48,818 - maestrowf.datastructures.core.study:_stage:641 - INFO - 
==================================================
Expanding step 'mag-sweep'
==================================================
-------- Used Parameters --------
{'TEMP', 'CX', 'NUM_PART'}
---------------------------------
2026-02-05 11:58:48,818 - maestrowf.datastructures.core.study:_stage:652 - INFO - 
**********************************
Combo [NUM_PART.100.TEMP.100.CX.1000]
**********************************
2026-02-05 11:58:48,818 - maestrowf.datastructures.core.study:_stage:686 - INFO - Searching for workspaces...
cmd = ~/Documents/School/Grad/Spring2026/DSMC/HW1/particles 100 39.95 100 1000 0 0
source ~/Documents/School/Grad/Spring2026/DSMC/DSMC/bin/activate
cp ~/Documents/School/Grad/Spring2026/DSMC/HW1/postProc.py ./
python postProc.py

2026-02-05 11:58:48,818 - maestrowf.datastructures.core.study:_stage:717 - INFO - New cmd = ~/Documents/School/Grad/Spring2026/DSMC/HW1/particles 100 39.95 100 1000 0 0
source ~/Documents/School/Grad/Spring2026/DSMC/DSMC/bin/activate
cp ~/Documents/School/Grad/Spring2026/DSMC/HW1/postProc.py ./
python postProc.py

2026-02-05 11:58:48,818 - maestrowf.datastructures.core.study:_stage:652 - INFO - 
**********************************
Combo [NUM_PART.100.TEMP.100.CX.100]
**********************************
2026-02-05 11:58:48,818 - maestrowf.datastructures.core.study:_stage:686 - INFO - Searching for workspaces...
cmd = ~/Documents/School/Grad/Spring2026/DSMC/HW1/particles 100 39.95 100 100 0 0
source ~/Documents/School/Grad/Spring2026/DSMC/DSMC/bin/activate
cp ~/Documents/School/Grad/Spring2026/DSMC/HW1/postProc.py ./
python postProc.py

2026-02-05 11:58:48,818 - maestrowf.datastructures.core.study:_stage:717 - INFO - New cmd = ~/Documents/School/Grad/Spring2026/DSMC/HW1/particles 100 39.95 100 100 0 0
source ~/Documents/School/Grad/Spring2026/DSMC/DSMC/bin/activate
cp ~/Documents/School/Grad/Spring2026/DSMC/HW1/postProc.py ./
python postProc.py

2026-02-05 11:58:48,818 - maestrowf.datastructures.core.study:_stage:652 - INFO - 
**********************************
Combo [NUM_PART.100.TEMP.1000.CX.1000]
**********************************
2026-02-05 11:58:48,818 - maestrowf.datastructures.core.study:_stage:686 - INFO - Searching for workspaces...
cmd = ~/Documents/School/Grad/Spring2026/DSMC/HW1/particles 100 39.95 1000 1000 0 0
source ~/Documents/School/Grad/Spring2026/DSMC/DSMC/bin/activate
cp ~/Documents/School/Grad/Spring2026/DSMC/HW1/postProc.py ./
python postProc.py

2026-02-05 11:58:48,818 - maestrowf.datastructures.core.study:_stage:717 - INFO - New cmd = ~/Documents/School/Grad/Spring2026/DSMC/HW1/particles 100 39.95 1000 1000 0 0
source ~/Documents/School/Grad/Spring2026/DSMC/DSMC/bin/activate
cp ~/Documents/School/Grad/Spring2026/DSMC/HW1/postProc.py ./
python postProc.py

2026-02-05 11:58:48,818 - maestrowf.datastructures.core.study:_stage:652 - INFO - 
**********************************
Combo [NUM_PART.100.TEMP.1000.CX.100]
**********************************
2026-02-05 11:58:48,818 - maestrowf.datastructures.core.study:_stage:686 - INFO - Searching for workspaces...
cmd = ~/Documents/School/Grad/Spring2026/DSMC/HW1/particles 100 39.95 1000 100 0 0
source ~/Documents/School/Grad/Spring2026/DSMC/DSMC/bin/activate
cp ~/Documents/School/Grad/Spring2026/DSMC/HW1/postProc.py ./
python postProc.py

2026-02-05 11:58:48,818 - maestrowf.datastructures.core.study:_stage:717 - INFO - New cmd = ~/Documents/School/Grad/Spring2026/DSMC/HW1/particles 100 39.95 1000 100 0 0
source ~/Documents/School/Grad/Spring2026/DSMC/DSMC/bin/activate
cp ~/Documents/School/Grad/Spring2026/DSMC/HW1/postProc.py ./
python postProc.py

2026-02-05 11:58:48,818 - maestrowf.datastructures.core.study:_stage:652 - INFO - 
**********************************
Combo [NUM_PART.500000.TEMP.100.CX.1000]
**********************************
2026-02-05 11:58:48,818 - maestrowf.datastructures.core.study:_stage:686 - INFO - Searching for workspaces...
cmd = ~/Documents/School/Grad/Spring2026/DSMC/HW1/particles 500000 39.95 100 1000 0 0
source ~/Documents/School/Grad/Spring2026/DSMC/DSMC/bin/activate
cp ~/Documents/School/Grad/Spring2026/DSMC/HW1/postProc.py ./
python postProc.py

2026-02-05 11:58:48,818 - maestrowf.datastructures.core.study:_stage:717 - INFO - New cmd = ~/Documents/School/Grad/Spring2026/DSMC/HW1/particles 500000 39.95 100 1000 0 0
source ~/Documents/School/Grad/Spring2026/DSMC/DSMC/bin/activate
cp ~/Documents/School/Grad/Spring2026/DSMC/HW1/postProc.py ./
python postProc.py

2026-02-05 11:58:48,819 - maestrowf.datastructures.core.study:_stage:652 - INFO - 
**********************************
Combo [NUM_PART.500000.TEMP.100.CX.100]
**********************************
2026-02-05 11:58:48,819 - maestrowf.datastructures.core.study:_stage:686 - INFO - Searching for workspaces...
cmd = ~/Documents/School/Grad/Spring2026/DSMC/HW1/particles 500000 39.95 100 100 0 0
source ~/Documents/School/Grad/Spring2026/DSMC/DSMC/bin/activate
cp ~/Documents/School/Grad/Spring2026/DSMC/HW1/postProc.py ./
python postProc.py

2026-02-05 11:58:48,819 - maestrowf.datastructures.core.study:_stage:717 - INFO - New cmd = ~/Documents/School/Grad/Spring2026/DSMC/HW1/particles 500000 39.95 100 100 0 0
source ~/Documents/School/Grad/Spring2026/DSMC/DSMC/bin/activate
cp ~/Documents/School/Grad/Spring2026/DSMC/HW1/postProc.py ./
python postProc.py

2026-02-05 11:58:48,819 - maestrowf.datastructures.core.study:_stage:652 - INFO - 
**********************************
Combo [NUM_PART.500000.TEMP.1000.CX.1000]
**********************************
2026-02-05 11:58:48,819 - maestrowf.datastructures.core.study:_stage:686 - INFO - Searching for workspaces...
cmd = ~/Documents/School/Grad/Spring2026/DSMC/HW1/particles 500000 39.95 1000 1000 0 0
source ~/Documents/School/Grad/Spring2026/DSMC/DSMC/bin/activate
cp ~/Documents/School/Grad/Spring2026/DSMC/HW1/postProc.py ./
python postProc.py

2026-02-05 11:58:48,819 - maestrowf.datastructures.core.study:_stage:717 - INFO - New cmd = ~/Documents/School/Grad/Spring2026/DSMC/HW1/particles 500000 39.95 1000 1000 0 0
source ~/Documents/School/Grad/Spring2026/DSMC/DSMC/bin/activate
cp ~/Documents/School/Grad/Spring2026/DSMC/HW1/postProc.py ./
python postProc.py

2026-02-05 11:58:48,819 - maestrowf.datastructures.core.study:_stage:652 - INFO - 
**********************************
Combo [NUM_PART.500000.TEMP.1000.CX.100]
**********************************
2026-02-05 11:58:48,819 - maestrowf.datastructures.core.study:_stage:686 - INFO - Searching for workspaces...
cmd = ~/Documents/School/Grad/Spring2026/DSMC/HW1/particles 500000 39.95 1000 100 0 0
source ~/Documents/School/Grad/Spring2026/DSMC/DSMC/bin/activate
cp ~/Documents/School/Grad/Spring2026/DSMC/HW1/postProc.py ./
python postProc.py

2026-02-05 11:58:48,819 - maestrowf.datastructures.core.study:_stage:717 - INFO - New cmd = ~/Documents/School/Grad/Spring2026/DSMC/HW1/particles 500000 39.95 1000 100 0 0
source ~/Documents/School/Grad/Spring2026/DSMC/DSMC/bin/activate
cp ~/Documents/School/Grad/Spring2026/DSMC/HW1/postProc.py ./
python postProc.py

2026-02-05 11:58:48,819 - maestrowf.utils:create_parentdir:127 - INFO - Directory does not exist. Creating directories to /Users/abbieb/Documents/School/Grad/Spring2026/DSMC/HW1/DSMC_HW1_Problem1_20260205-115847/meta
2026-02-05 11:58:48,819 - maestrowf.utils:create_parentdir:127 - INFO - Directory does not exist. Creating directories to /Users/abbieb/Documents/School/Grad/Spring2026/DSMC/HW1/DSMC_HW1_Problem1_20260205-115847/meta/study
2026-02-05 11:58:48,821 - maestrowf.conductor:monitor_study:426 - INFO - Checking DAG status at 2026-02-05 11:58:48.821945
2026-02-05 11:58:48,821 - maestrowf.datastructures.core.executiongraph:check_study_status:995 - INFO - No jobs found.
2026-02-05 11:58:48,822 - maestrowf.datastructures.core.executiongraph:execute_ready_steps:932 - INFO - Launching all ready steps...
2026-02-05 11:58:48,822 - maestrowf.datastructures.core.executiongraph:_execute_record:588 - INFO - Calling execute for StepRecord 'mag-sweep_CX.1000.NUM_PART.100.TEMP.100'
2026-02-05 11:58:48,822 - maestrowf.utils:create_parentdir:127 - INFO - Directory does not exist. Creating directories to /Users/abbieb/Documents/School/Grad/Spring2026/DSMC/HW1/DSMC_HW1_Problem1_20260205-115847/mag-sweep/CX.1000.NUM_PART.100.TEMP.100
2026-02-05 11:58:48,822 - maestrowf.datastructures.core.executiongraph:generate_script:114 - INFO - Generating script for mag-sweep_CX.1000.NUM_PART.100.TEMP.100 into /Users/abbieb/Documents/School/Grad/Spring2026/DSMC/HW1/DSMC_HW1_Problem1_20260205-115847/mag-sweep/CX.1000.NUM_PART.100.TEMP.100
2026-02-05 11:58:48,822 - maestrowf.datastructures.core.executiongraph:generate_script:118 - INFO - Script: /Users/abbieb/Documents/School/Grad/Spring2026/DSMC/HW1/DSMC_HW1_Problem1_20260205-115847/mag-sweep/CX.1000.NUM_PART.100.TEMP.100/mag-sweep_CX.1000.NUM_PART.100.TEMP.100.sh
Restart: None
Scheduled?: False
2026-02-05 11:58:48,822 - maestrowf.datastructures.core.executiongraph:_execute_record:613 - INFO - Attempting submission of 'mag-sweep_CX.1000.NUM_PART.100.TEMP.100' (attempt 1 of 1)...
2026-02-05 11:58:49,435 - maestrowf.interfaces.script.localscriptadapter:submit:151 - INFO - Execution returned status OK.
2026-02-05 11:58:51,343 - maestrowf.datastructures.core.executiongraph:_execute_record:640 - INFO - Local step mag-sweep_CX.1000.NUM_PART.100.TEMP.100 executed with status OK. Complete.
2026-02-05 11:58:51,344 - maestrowf.datastructures.core.executiongraph:_execute_record:588 - INFO - Calling execute for StepRecord 'mag-sweep_CX.100.NUM_PART.100.TEMP.100'
2026-02-05 11:58:51,344 - maestrowf.utils:create_parentdir:127 - INFO - Directory does not exist. Creating directories to /Users/abbieb/Documents/School/Grad/Spring2026/DSMC/HW1/DSMC_HW1_Problem1_20260205-115847/mag-sweep/CX.100.NUM_PART.100.TEMP.100
2026-02-05 11:58:51,344 - maestrowf.datastructures.core.executiongraph:generate_script:114 - INFO - Generating script for mag-sweep_CX.100.NUM_PART.100.TEMP.100 into /Users/abbieb/Documents/School/Grad/Spring2026/DSMC/HW1/DSMC_HW1_Problem1_20260205-115847/mag-sweep/CX.100.NUM_PART.100.TEMP.100
2026-02-05 11:58:51,345 - maestrowf.datastructures.core.executiongraph:generate_script:118 - INFO - Script: /Users/abbieb/Documents/School/Grad/Spring2026/DSMC/HW1/DSMC_HW1_Problem1_20260205-115847/mag-sweep/CX.100.NUM_PART.100.TEMP.100/mag-sweep_CX.100.NUM_PART.100.TEMP.100.sh
Restart: None
Scheduled?: False
2026-02-05 11:58:51,345 - maestrowf.datastructures.core.executiongraph:_execute_record:613 - INFO - Attempting submission of 'mag-sweep_CX.100.NUM_PART.100.TEMP.100' (attempt 1 of 1)...
2026-02-05 11:58:51,928 - maestrowf.interfaces.script.localscriptadapter:submit:151 - INFO - Execution returned status OK.
2026-02-05 11:58:53,140 - maestrowf.datastructures.core.executiongraph:_execute_record:640 - INFO - Local step mag-sweep_CX.100.NUM_PART.100.TEMP.100 executed with status OK. Complete.
2026-02-05 11:58:53,141 - maestrowf.datastructures.core.executiongraph:_execute_record:588 - INFO - Calling execute for StepRecord 'mag-sweep_CX.1000.NUM_PART.100.TEMP.1000'
2026-02-05 11:58:53,141 - maestrowf.utils:create_parentdir:127 - INFO - Directory does not exist. Creating directories to /Users/abbieb/Documents/School/Grad/Spring2026/DSMC/HW1/DSMC_HW1_Problem1_20260205-115847/mag-sweep/CX.1000.NUM_PART.100.TEMP.1000
2026-02-05 11:58:53,142 - maestrowf.datastructures.core.executiongraph:generate_script:114 - INFO - Generating script for mag-sweep_CX.1000.NUM_PART.100.TEMP.1000 into /Users/abbieb/Documents/School/Grad/Spring2026/DSMC/HW1/DSMC_HW1_Problem1_20260205-115847/mag-sweep/CX.1000.NUM_PART.100.TEMP.1000
2026-02-05 11:58:53,143 - maestrowf.datastructures.core.executiongraph:generate_script:118 - INFO - Script: /Users/abbieb/Documents/School/Grad/Spring2026/DSMC/HW1/DSMC_HW1_Problem1_20260205-115847/mag-sweep/CX.1000.NUM_PART.100.TEMP.1000/mag-sweep_CX.1000.NUM_PART.100.TEMP.1000.sh
Restart: None
Scheduled?: False
2026-02-05 11:58:53,143 - maestrowf.datastructures.core.executiongraph:_execute_record:613 - INFO - Attempting submission of 'mag-sweep_CX.1000.NUM_PART.100.TEMP.1000' (attempt 1 of 1)...
2026-02-05 11:58:53,738 - maestrowf.interfaces.script.localscriptadapter:submit:151 - INFO - Execution returned status OK.
2026-02-05 11:58:55,072 - maestrowf.datastructures.core.executiongraph:_execute_record:640 - INFO - Local step mag-sweep_CX.1000.NUM_PART.100.TEMP.1000 executed with status OK. Complete.
2026-02-05 11:58:55,073 - maestrowf.datastructures.core.executiongraph:_execute_record:588 - INFO - Calling execute for StepRecord 'mag-sweep_CX.100.NUM_PART.100.TEMP.1000'
2026-02-05 11:58:55,073 - maestrowf.utils:create_parentdir:127 - INFO - Directory does not exist. Creating directories to /Users/abbieb/Documents/School/Grad/Spring2026/DSMC/HW1/DSMC_HW1_Problem1_20260205-115847/mag-sweep/CX.100.NUM_PART.100.TEMP.1000
2026-02-05 11:58:55,073 - maestrowf.datastructures.core.executiongraph:generate_script:114 - INFO - Generating script for mag-sweep_CX.100.NUM_PART.100.TEMP.1000 into /Users/abbieb/Documents/School/Grad/Spring2026/DSMC/HW1/DSMC_HW1_Problem1_20260205-115847/mag-sweep/CX.100.NUM_PART.100.TEMP.1000
2026-02-05 11:58:55,074 - maestrowf.datastructures.core.executiongraph:generate_script:118 - INFO - Script: /Users/abbieb/Documents/School/Grad/Spring2026/DSMC/HW1/DSMC_HW1_Problem1_20260205-115847/mag-sweep/CX.100.NUM_PART.100.TEMP.1000/mag-sweep_CX.100.NUM_PART.100.TEMP.1000.sh
Restart: None
Scheduled?: False
2026-02-05 11:58:55,074 - maestrowf.datastructures.core.executiongraph:_execute_record:613 - INFO - Attempting submission of 'mag-sweep_CX.100.NUM_PART.100.TEMP.1000' (attempt 1 of 1)...
2026-02-05 11:58:55,794 - maestrowf.interfaces.script.localscriptadapter:submit:151 - INFO - Execution returned status OK.
2026-02-05 11:58:57,338 - maestrowf.datastructures.core.executiongraph:_execute_record:640 - INFO - Local step mag-sweep_CX.100.NUM_PART.100.TEMP.1000 executed with status OK. Complete.
2026-02-05 11:58:57,338 - maestrowf.datastructures.core.executiongraph:_execute_record:588 - INFO - Calling execute for StepRecord 'mag-sweep_CX.1000.NUM_PART.500000.TEMP.100'
2026-02-05 11:58:57,338 - maestrowf.utils:create_parentdir:127 - INFO - Directory does not exist. Creating directories to /Users/abbieb/Documents/School/Grad/Spring2026/DSMC/HW1/DSMC_HW1_Problem1_20260205-115847/mag-sweep/CX.1000.NUM_PART.500000.TEMP.100
2026-02-05 11:58:57,339 - maestrowf.datastructures.core.executiongraph:generate_script:114 - INFO - Generating script for mag-sweep_CX.1000.NUM_PART.500000.TEMP.100 into /Users/abbieb/Documents/School/Grad/Spring2026/DSMC/HW1/DSMC_HW1_Problem1_20260205-115847/mag-sweep/CX.1000.NUM_PART.500000.TEMP.100
2026-02-05 11:58:57,340 - maestrowf.datastructures.core.executiongraph:generate_script:118 - INFO - Script: /Users/abbieb/Documents/School/Grad/Spring2026/DSMC/HW1/DSMC_HW1_Problem1_20260205-115847/mag-sweep/CX.1000.NUM_PART.500000.TEMP.100/mag-sweep_CX.1000.NUM_PART.500000.TEMP.100.sh
Restart: None
Scheduled?: False
2026-02-05 11:58:57,340 - maestrowf.datastructures.core.executiongraph:_execute_record:613 - INFO - Attempting submission of 'mag-sweep_CX.1000.NUM_PART.500000.TEMP.100' (attempt 1 of 1)...
2026-02-05 11:58:59,017 - maestrowf.interfaces.script.localscriptadapter:submit:151 - INFO - Execution returned status OK.
2026-02-05 11:59:00,549 - maestrowf.datastructures.core.executiongraph:_execute_record:640 - INFO - Local step mag-sweep_CX.1000.NUM_PART.500000.TEMP.100 executed with status OK. Complete.
2026-02-05 11:59:00,550 - maestrowf.datastructures.core.executiongraph:_execute_record:588 - INFO - Calling execute for StepRecord 'mag-sweep_CX.100.NUM_PART.500000.TEMP.100'
2026-02-05 11:59:00,550 - maestrowf.utils:create_parentdir:127 - INFO - Directory does not exist. Creating directories to /Users/abbieb/Documents/School/Grad/Spring2026/DSMC/HW1/DSMC_HW1_Problem1_20260205-115847/mag-sweep/CX.100.NUM_PART.500000.TEMP.100
2026-02-05 11:59:00,551 - maestrowf.datastructures.core.executiongraph:generate_script:114 - INFO - Generating script for mag-sweep_CX.100.NUM_PART.500000.TEMP.100 into /Users/abbieb/Documents/School/Grad/Spring2026/DSMC/HW1/DSMC_HW1_Problem1_20260205-115847/mag-sweep/CX.100.NUM_PART.500000.TEMP.100
2026-02-05 11:59:00,552 - maestrowf.datastructures.core.executiongraph:generate_script:118 - INFO - Script: /Users/abbieb/Documents/School/Grad/Spring2026/DSMC/HW1/DSMC_HW1_Problem1_20260205-115847/mag-sweep/CX.100.NUM_PART.500000.TEMP.100/mag-sweep_CX.100.NUM_PART.500000.TEMP.100.sh
Restart: None
Scheduled?: False
2026-02-05 11:59:00,552 - maestrowf.datastructures.core.executiongraph:_execute_record:613 - INFO - Attempting submission of 'mag-sweep_CX.100.NUM_PART.500000.TEMP.100' (attempt 1 of 1)...
2026-02-05 11:59:02,293 - maestrowf.interfaces.script.localscriptadapter:submit:151 - INFO - Execution returned status OK.
2026-02-05 11:59:04,273 - maestrowf.datastructures.core.executiongraph:_execute_record:640 - INFO - Local step mag-sweep_CX.100.NUM_PART.500000.TEMP.100 executed with status OK. Complete.
2026-02-05 11:59:04,273 - maestrowf.datastructures.core.executiongraph:_execute_record:588 - INFO - Calling execute for StepRecord 'mag-sweep_CX.1000.NUM_PART.500000.TEMP.1000'
2026-02-05 11:59:04,274 - maestrowf.utils:create_parentdir:127 - INFO - Directory does not exist. Creating directories to /Users/abbieb/Documents/School/Grad/Spring2026/DSMC/HW1/DSMC_HW1_Problem1_20260205-115847/mag-sweep/CX.1000.NUM_PART.500000.TEMP.1000
2026-02-05 11:59:04,274 - maestrowf.datastructures.core.executiongraph:generate_script:114 - INFO - Generating script for mag-sweep_CX.1000.NUM_PART.500000.TEMP.1000 into /Users/abbieb/Documents/School/Grad/Spring2026/DSMC/HW1/DSMC_HW1_Problem1_20260205-115847/mag-sweep/CX.1000.NUM_PART.500000.TEMP.1000
2026-02-05 11:59:04,275 - maestrowf.datastructures.core.executiongraph:generate_script:118 - INFO - Script: /Users/abbieb/Documents/School/Grad/Spring2026/DSMC/HW1/DSMC_HW1_Problem1_20260205-115847/mag-sweep/CX.1000.NUM_PART.500000.TEMP.1000/mag-sweep_CX.1000.NUM_PART.500000.TEMP.1000.sh
Restart: None
Scheduled?: False
2026-02-05 11:59:04,275 - maestrowf.datastructures.core.executiongraph:_execute_record:613 - INFO - Attempting submission of 'mag-sweep_CX.1000.NUM_PART.500000.TEMP.1000' (attempt 1 of 1)...
2026-02-05 11:59:05,966 - maestrowf.interfaces.script.localscriptadapter:submit:151 - INFO - Execution returned status OK.
2026-02-05 11:59:07,271 - maestrowf.datastructures.core.executiongraph:_execute_record:640 - INFO - Local step mag-sweep_CX.1000.NUM_PART.500000.TEMP.1000 executed with status OK. Complete.
2026-02-05 11:59:07,271 - maestrowf.datastructures.core.executiongraph:_execute_record:588 - INFO - Calling execute for StepRecord 'mag-sweep_CX.100.NUM_PART.500000.TEMP.1000'
2026-02-05 11:59:07,271 - maestrowf.utils:create_parentdir:127 - INFO - Directory does not exist. Creating directories to /Users/abbieb/Documents/School/Grad/Spring2026/DSMC/HW1/DSMC_HW1_Problem1_20260205-115847/mag-sweep/CX.100.NUM_PART.500000.TEMP.1000
2026-02-05 11:59:07,272 - maestrowf.datastructures.core.executiongraph:generate_script:114 - INFO - Generating script for mag-sweep_CX.100.NUM_PART.500000.TEMP.1000 into /Users/abbieb/Documents/School/Grad/Spring2026/DSMC/HW1/DSMC_HW1_Problem1_20260205-115847/mag-sweep/CX.100.NUM_PART.500000.TEMP.1000
2026-02-05 11:59:07,273 - maestrowf.datastructures.core.executiongraph:generate_script:118 - INFO - Script: /Users/abbieb/Documents/School/Grad/Spring2026/DSMC/HW1/DSMC_HW1_Problem1_20260205-115847/mag-sweep/CX.100.NUM_PART.500000.TEMP.1000/mag-sweep_CX.100.NUM_PART.500000.TEMP.1000.sh
Restart: None
Scheduled?: False
2026-02-05 11:59:07,273 - maestrowf.datastructures.core.executiongraph:_execute_record:613 - INFO - Attempting submission of 'mag-sweep_CX.100.NUM_PART.500000.TEMP.1000' (attempt 1 of 1)...
2026-02-05 11:59:08,994 - maestrowf.interfaces.script.localscriptadapter:submit:151 - INFO - Execution returned status OK.
2026-02-05 11:59:10,144 - maestrowf.datastructures.core.executiongraph:_execute_record:640 - INFO - Local step mag-sweep_CX.100.NUM_PART.500000.TEMP.1000 executed with status OK. Complete.
2026-02-05 11:59:10,145 - root:_check_study_completion:740 - INFO - 'DSMC_HW1_Problem1' is complete. Returning.
2026-02-05 11:59:10,152 - maestrowf.conductor:main:461 - INFO - Study completed with state 'StudyStatus.FINISHED'.
2026-02-05 11:59:10,152 - maestrowf.conductor:main:468 - INFO - Study exiting, cleaning up...
2026-02-05 11:59:10,152 - maestrowf.conductor:main:470 - INFO - Squeaky clean!
