2026-02-04 18:41:34,721 - maestrowf.conductor:setup_logging:93 - INFO - INFO Logging Level -- Enabled
2026-02-04 18:41:34,721 - maestrowf.conductor:setup_logging:94 - WARNING - WARNING Logging Level -- Enabled
2026-02-04 18:41:34,721 - maestrowf.conductor:setup_logging:95 - CRITICAL - CRITICAL Logging Level -- Enabled
2026-02-04 18:41:34,722 - maestrowf.datastructures.core.executiongraph:__init__:379 - INFO - 
------------------------------------------
Submission attempts =       1
Submission throttle limit = 0
Use temporary directory =   False
Tmp Dir = 
------------------------------------------
2026-02-04 18:41:34,722 - maestrowf.datastructures.core.executiongraph:log_description:541 - INFO - 
==================================================
name: DSMC_HW1_Problem1
description: Study of Low/High Temp/Vel/Particle Count
==================================================

2026-02-04 18:41:34,722 - maestrowf.datastructures.core.study:_stage:477 - INFO - 
==================================================
Constructing parameter study 'DSMC_HW1_Problem1'
==================================================

2026-02-04 18:41:34,722 - maestrowf.datastructures.core.study:_stage:503 - INFO - 
==================================================
Processing step '_source'
==================================================

2026-02-04 18:41:34,722 - maestrowf.datastructures.core.study:_stage:511 - INFO - Encountered '_source'. Adding and continuing.
2026-02-04 18:41:34,722 - maestrowf.datastructures.core.study:_stage:503 - INFO - 
==================================================
Processing step 'mag-sweep'
==================================================

2026-02-04 18:41:34,722 - maestrowf.datastructures.core.study:_stage:641 - INFO - 
==================================================
Expanding step 'mag-sweep'
==================================================
-------- Used Parameters --------
{'CX', 'NUM_PART', 'TEMP'}
---------------------------------
2026-02-04 18:41:34,722 - maestrowf.datastructures.core.study:_stage:652 - INFO - 
**********************************
Combo [NUM_PART.100 100 100 100 500000 500000 500000 500000.TEMP.100 100 1000 1000 100 100 1000 1000.CX.1000 100 1000 100 1000 100 1000 100]
**********************************
2026-02-04 18:41:34,722 - maestrowf.datastructures.core.study:_stage:686 - INFO - Searching for workspaces...
cmd = ~/Documents/School/Grad/Spring2026/DSMC/HW1/particles 100 100 100 100 500000 500000 500000 500000 39.95 100 100 1000 1000 100 100 1000 1000 1000 100 1000 100 1000 100 1000 100 0 0

2026-02-04 18:41:34,722 - maestrowf.datastructures.core.study:_stage:717 - INFO - New cmd = ~/Documents/School/Grad/Spring2026/DSMC/HW1/particles 100 100 100 100 500000 500000 500000 500000 39.95 100 100 1000 1000 100 100 1000 1000 1000 100 1000 100 1000 100 1000 100 0 0

2026-02-04 18:41:34,722 - maestrowf.utils:create_parentdir:127 - INFO - Directory does not exist. Creating directories to /Users/abbieb/Documents/School/Grad/Spring2026/DSMC/HW1/DSMC_HW1_Problem1_20260204-184133/meta
2026-02-04 18:41:34,722 - maestrowf.utils:create_parentdir:127 - INFO - Directory does not exist. Creating directories to /Users/abbieb/Documents/School/Grad/Spring2026/DSMC/HW1/DSMC_HW1_Problem1_20260204-184133/meta/study
2026-02-04 18:41:34,724 - maestrowf.conductor:monitor_study:426 - INFO - Checking DAG status at 2026-02-04 18:41:34.724120
2026-02-04 18:41:34,724 - maestrowf.datastructures.core.executiongraph:check_study_status:995 - INFO - No jobs found.
2026-02-04 18:41:34,724 - maestrowf.datastructures.core.executiongraph:execute_ready_steps:932 - INFO - Launching all ready steps...
2026-02-04 18:41:34,724 - maestrowf.datastructures.core.executiongraph:_execute_record:588 - INFO - Calling execute for StepRecord 'mag-sweep_CX.1000 100 1000 100 1000 100 1000 100.NUM_PART.100 100 100 100 500000 500000 500000 500000.TEMP.100 100 1000 1000 100 100 1000 1000'
2026-02-04 18:41:34,724 - maestrowf.utils:create_parentdir:127 - INFO - Directory does not exist. Creating directories to /Users/abbieb/Documents/School/Grad/Spring2026/DSMC/HW1/DSMC_HW1_Problem1_20260204-184133/mag-sweep/CX.1000_100_1000_100_1000_100_1000_100.NUM_PART.100_100_100_100_500000_500000_500000_500000.TEMP.100_100_1000_1000_100_100_1000_1000
2026-02-04 18:41:34,724 - maestrowf.datastructures.core.executiongraph:generate_script:114 - INFO - Generating script for mag-sweep_CX.1000 100 1000 100 1000 100 1000 100.NUM_PART.100 100 100 100 500000 500000 500000 500000.TEMP.100 100 1000 1000 100 100 1000 1000 into /Users/abbieb/Documents/School/Grad/Spring2026/DSMC/HW1/DSMC_HW1_Problem1_20260204-184133/mag-sweep/CX.1000_100_1000_100_1000_100_1000_100.NUM_PART.100_100_100_100_500000_500000_500000_500000.TEMP.100_100_1000_1000_100_100_1000_1000
2026-02-04 18:41:34,724 - maestrowf.datastructures.core.executiongraph:generate_script:118 - INFO - Script: /Users/abbieb/Documents/School/Grad/Spring2026/DSMC/HW1/DSMC_HW1_Problem1_20260204-184133/mag-sweep/CX.1000_100_1000_100_1000_100_1000_100.NUM_PART.100_100_100_100_500000_500000_500000_500000.TEMP.100_100_1000_1000_100_100_1000_1000/mag-sweep_CX.1000_100_1000_100_1000_100_1000_100.NUM_PART.100_100_100_100_500000_500000_500000_500000.TEMP.100_100_1000_1000_100_100_1000_1000.sh
Restart: None
Scheduled?: False
2026-02-04 18:41:34,724 - maestrowf.datastructures.core.executiongraph:_execute_record:613 - INFO - Attempting submission of 'mag-sweep_CX.1000 100 1000 100 1000 100 1000 100.NUM_PART.100 100 100 100 500000 500000 500000 500000.TEMP.100 100 1000 1000 100 100 1000 1000' (attempt 1 of 1)...
2026-02-04 18:41:34,920 - maestrowf.interfaces.script.localscriptadapter:submit:151 - INFO - Execution returned status OK.
2026-02-04 18:41:36,041 - maestrowf.datastructures.core.executiongraph:_execute_record:640 - INFO - Local step mag-sweep_CX.1000 100 1000 100 1000 100 1000 100.NUM_PART.100 100 100 100 500000 500000 500000 500000.TEMP.100 100 1000 1000 100 100 1000 1000 executed with status OK. Complete.
2026-02-04 18:41:36,042 - root:_check_study_completion:740 - INFO - 'DSMC_HW1_Problem1' is complete. Returning.
2026-02-04 18:41:36,046 - maestrowf.conductor:main:461 - INFO - Study completed with state 'StudyStatus.FINISHED'.
2026-02-04 18:41:36,046 - maestrowf.conductor:main:468 - INFO - Study exiting, cleaning up...
2026-02-04 18:41:36,047 - maestrowf.conductor:main:470 - INFO - Squeaky clean!
